#2 414x715 en same (in-place run)
#6 414x715 af same (in-place run)
#10 414x715 zu same (measured in place now)
#14 414x715 xh same (measured in place now)
#18 414x715 st same (measured in place now)
#22 414x715 en same (in-place run)
#82 414x715 af same (in-place run)
#86 414x715 zu same (measured in place now)
#90 414x715 xh same (measured in place now)
#94 414x715 st same (measured in place now)
#98 414x715 en same (in-place run)
#102 414x715 af same (in-place run)
#106 414x715 zu same (measured in place now)
#110 414x715 xh same (measured in place now)
#114 414x715 st same (in-place run)
#118 414x715 en same (in-place run)
#122 414x715 af same (measured in place now)
#126 414x715 zu same (measured in place now)
#130 414x715 xh same (measured in place now)
#134 414x715 st same (measured in place now)
#138 414x715 en same (in-place run)
#142 414x715 af same (measured in place now)
#146 414x715 zu same (measured in place now)
#150 414x715 xh same (measured in place now)
#154 414x715 st same (measured in place now)
#158 414x715 en same (in-place run)
#3 360x688 zu same (measured in place now)
#7 360x688 xh same (measured in place now)
#11 360x688 st same (measured in place now)
#15 360x688 en same (in-place run)
#19 360x688 af same (in-place run)
#79 360x688 zu same (measured in place now)
#83 360x688 xh same (measured in place now)
#87 360x688 st same (measured in place now)
#91 360x688 en same (in-place run)
#95 360x688 af same (in-place run)
#99 360x688 zu same (measured in place now)
#103 360x688 xh same (measured in place now)
#107 360x688 st same (measured in place now)
#111 360x688 en same (in-place run)
#115 360x688 af same (in-place run)
#119 360x688 zu same (measured in place now)
#123 360x688 xh same (measured in place now)
#127 360x688 st same (measured in place now)
#131 360x688 en same (in-place run)
#135 360x688 af same (in-place run)
#139 360x688 zu same (measured in place now)
#143 360x688 xh same (measured in place now)
#147 360x688 st same (measured in place now)
#151 360x688 en same (in-place run)
#155 360x688 af same (in-place run)
#159 360x688 zu same (measured in place now)
#4 320x488 st same (measured in place now)
#8 320x488 en same (in-place run)
#12 320x488 af same (in-place run)
#16 320x488 zu same (measured in place now)
#20 320x488 xh same (measured in place now)
#80 320x488 st same (measured in place now)
#84 320x488 en same (in-place run)
#88 320x488 af same (in-place run)
#92 320x488 zu same (measured in place now)
#96 320x488 xh same (measured in place now)
#100 320x488 st same (in-place run)
#104 320x488 en same (in-place run)
#108 320x488 af same (in-place run)
#112 320x488 zu same (measured in place now)
#116 320x488 xh same (measured in place now)
#120 320x488 st same (measured in place now)
#124 320x488 en same (in-place run)
#128 320x488 af same (in-place run)
#132 320x488 zu same (measured in place now)
#136 320x488 xh same (measured in place now)
#140 320x488 st same (measured in place now)
#144 320x488 en same (in-place run)
#148 320x488 af same (in-place run)
#152 320x488 zu same (measured in place now)
#156 320x488 xh same (measured in place now)
#160 320x488 st same (measured in place now)
[b-fullload] 78 full page loads; served as asked 78; joke box, size and card as measured in place 78/78 (31 against the runs' rows, 47 measured in place now); page scroll on full loads 0
