360x688 en clear: 35 photographs (22 s)
360x688 en cloudy: 30 photographs (40 s)
360x688 en cold: 38 photographs (56 s)
360x688 en cold-clear: 29 photographs (70 s)
360x688 en fog: 28 photographs (83 s)
360x688 en heat: 28 photographs (104 s)
360x688 en rain: 35 photographs (118 s)
360x688 en storm: 35 photographs (131 s)
360x688 en wind: 35 photographs (153 s)
360x688 af clear: 35 photographs (174 s)
360x688 af cloudy: 30 photographs (193 s)
360x688 af cold: 38 photographs (208 s)
360x688 af cold-clear: 29 photographs (222 s)
360x688 af fog: 28 photographs (233 s)
360x688 af heat: 28 photographs (252 s)
360x688 af rain: 35 photographs (265 s)
360x688 af storm: 35 photographs (278 s)
360x688 af wind: 35 photographs (300 s)
360x688 zu clear: 35 photographs (314 s)
360x688 zu cloudy: 30 photographs (327 s)
360x688 zu cold: 38 photographs (343 s)
360x688 zu cold-clear: 29 photographs (355 s)
360x688 zu fog: 28 photographs (367 s)
360x688 zu heat: 28 photographs (379 s)
360x688 zu rain: 35 photographs (394 s)
360x688 zu storm: 35 photographs (408 s)
360x688 zu wind: 35 photographs (422 s)
360x688 xh clear: 35 photographs (435 s)
360x688 xh cloudy: 30 photographs (448 s)
360x688 xh cold: 38 photographs (464 s)
360x688 xh cold-clear: 29 photographs (477 s)
360x688 xh fog: 28 photographs (489 s)
360x688 xh heat: 28 photographs (502 s)
360x688 xh rain: 35 photographs (517 s)
360x688 xh storm: 35 photographs (531 s)
360x688 xh wind: 35 photographs (545 s)
360x688 st clear: 35 photographs (559 s)
360x688 st cloudy: 30 photographs (572 s)
360x688 st cold: 38 photographs (587 s)
360x688 st cold-clear: 29 photographs (599 s)
360x688 st fog: 28 photographs (612 s)
360x688 st heat: 28 photographs (623 s)
360x688 st rain: 35 photographs (638 s)
360x688 st storm: 35 photographs (652 s)
360x688 st wind: 35 photographs (666 s)
[b-measure 360x688] 4899 measurements; smallest joke 26.71 px; joke under 19 px 0; page scrolls 0; text above the card's top 0; text under the header 0; transformed 0
