414x715 en clear: 35 photographs (22 s)
414x715 en cloudy: 30 photographs (40 s)
414x715 en cold: 38 photographs (56 s)
414x715 en cold-clear: 29 photographs (70 s)
414x715 en fog: 28 photographs (82 s)
414x715 en heat: 28 photographs (103 s)
414x715 en rain: 35 photographs (116 s)
414x715 en storm: 35 photographs (130 s)
414x715 en wind: 35 photographs (152 s)
414x715 af clear: 35 photographs (173 s)
414x715 af cloudy: 30 photographs (192 s)
414x715 af cold: 38 photographs (207 s)
414x715 af cold-clear: 29 photographs (220 s)
414x715 af fog: 28 photographs (232 s)
414x715 af heat: 28 photographs (251 s)
414x715 af rain: 35 photographs (264 s)
414x715 af storm: 35 photographs (278 s)
414x715 af wind: 35 photographs (299 s)
414x715 zu clear: 35 photographs (313 s)
414x715 zu cloudy: 30 photographs (325 s)
414x715 zu cold: 38 photographs (341 s)
414x715 zu cold-clear: 29 photographs (354 s)
414x715 zu fog: 28 photographs (366 s)
414x715 zu heat: 28 photographs (378 s)
414x715 zu rain: 35 photographs (392 s)
414x715 zu storm: 35 photographs (406 s)
414x715 zu wind: 35 photographs (420 s)
414x715 xh clear: 35 photographs (434 s)
414x715 xh cloudy: 30 photographs (446 s)
414x715 xh cold: 38 photographs (462 s)
414x715 xh cold-clear: 29 photographs (474 s)
414x715 xh fog: 28 photographs (487 s)
414x715 xh heat: 28 photographs (499 s)
414x715 xh rain: 35 photographs (514 s)
414x715 xh storm: 35 photographs (528 s)
414x715 xh wind: 35 photographs (543 s)
414x715 st clear: 35 photographs (556 s)
414x715 st cloudy: 30 photographs (569 s)
414x715 st cold: 38 photographs (584 s)
414x715 st cold-clear: 29 photographs (596 s)
414x715 st fog: 28 photographs (608 s)
414x715 st heat: 28 photographs (620 s)
414x715 st rain: 35 photographs (634 s)
414x715 st storm: 35 photographs (648 s)
414x715 st wind: 35 photographs (662 s)
[b-measure 414x715] 4899 measurements; smallest joke 31.04 px; joke under 19 px 0; page scrolls 0; text above the card's top 0; text under the header 0; transformed 0
