320x488 en clear: 35 photographs (22 s)
320x488 en cloudy: 30 photographs (40 s)
320x488 en cold: 38 photographs (56 s)
320x488 en cold-clear: 29 photographs (71 s)
320x488 en fog: 28 photographs (83 s)
320x488 en heat: 28 photographs (104 s)
320x488 en rain: 35 photographs (117 s)
320x488 en storm: 35 photographs (131 s)
320x488 en wind: 35 photographs (153 s)
320x488 af clear: 35 photographs (174 s)
320x488 af cloudy: 30 photographs (193 s)
320x488 af cold: 38 photographs (209 s)
320x488 af cold-clear: 29 photographs (222 s)
320x488 af fog: 28 photographs (234 s)
320x488 af heat: 28 photographs (252 s)
320x488 af rain: 35 photographs (266 s)
320x488 af storm: 35 photographs (280 s)
320x488 af wind: 35 photographs (302 s)
320x488 zu clear: 35 photographs (316 s)
320x488 zu cloudy: 30 photographs (328 s)
320x488 zu cold: 38 photographs (344 s)
320x488 zu cold-clear: 29 photographs (357 s)
320x488 zu fog: 28 photographs (369 s)
320x488 zu heat: 28 photographs (381 s)
320x488 zu rain: 35 photographs (396 s)
320x488 zu storm: 35 photographs (410 s)
320x488 zu wind: 35 photographs (424 s)
320x488 xh clear: 35 photographs (438 s)
320x488 xh cloudy: 30 photographs (450 s)
320x488 xh cold: 38 photographs (466 s)
320x488 xh cold-clear: 29 photographs (479 s)
320x488 xh fog: 28 photographs (492 s)
320x488 xh heat: 28 photographs (504 s)
320x488 xh rain: 35 photographs (519 s)
320x488 xh storm: 35 photographs (533 s)
320x488 xh wind: 35 photographs (548 s)
320x488 st clear: 35 photographs (562 s)
320x488 st cloudy: 30 photographs (575 s)
320x488 st cold: 38 photographs (591 s)
320x488 st cold-clear: 29 photographs (603 s)
320x488 st fog: 28 photographs (615 s)
320x488 st heat: 28 photographs (627 s)
320x488 st rain: 35 photographs (642 s)
320x488 st storm: 35 photographs (656 s)
320x488 st wind: 35 photographs (670 s)
[b-measure 320x488] 4899 measurements; smallest joke 18.91 px; joke under 19 px 1575; page scrolls 0; text above the card's top 0; text under the header 966; transformed 0
