414x715|st|cold: 18
414x715|xh|heat: 28
414x715|st|fog: 14
414x715|zu|cold-clear: 28
320x488|xh|cold-clear: 1
414x715|xh|cold: 18
414x715|zu|fog: 14
414x715|st|clear: 35
414x715|xh|storm: 32
320x488|zu|storm: 1
414x715|xh|wind: 30
414x715|xh|rain: 19
414x715|xh|cloudy: 23
320x488|st|clear: 1
320x488|xh|wind: 2
360x688|zu|heat: 1
320x488|xh|fog: 1
414x715|zu|rain: 14
320x488|xh|cold: 1
414x715|en|wind: 1
360x688|zu|storm: 1
360x688|st|wind: 2
360x688|st|clear: 1
360x688|zu|cold: 2
414x715|st|cloudy: 4
414x715|af|wind: 2
360x688|st|rain: 1
320x488|xh|heat: 1
[b-shots] 296 shots; joke box as measured in 296
